   Compiling synstructure v0.13.2
   Compiling zerovec-derive v0.11.2
   Compiling displaydoc v0.2.5
   Compiling zerocopy v0.8.48
   Compiling windows-sys v0.61.2
   Compiling zerofrom-derive v0.1.6
   Compiling yoke-derive v0.8.1
   Compiling serde v1.0.228
   Compiling litemap v0.8.1
   Compiling writeable v0.6.2
   Compiling parking_lot v0.12.5
   Compiling zerofrom v0.1.6
   Compiling yoke v0.8.1
   Compiling zerovec v0.11.5
   Compiling zerotrie v0.2.3
   Compiling tracing-core v0.1.36
   Compiling tinystr v0.8.2
   Compiling icu_locale_core v2.1.1
   Compiling potential_utf v0.1.4
   Compiling tracing-attributes v0.1.31
   Compiling serde_derive v1.0.228
   Compiling icu_normalizer_data v2.1.1
   Compiling icu_properties_data v2.1.2
   Compiling log v0.4.29
   Compiling icu_provider v2.1.1
   Compiling icu_collections v2.1.1
   Compiling crypto-common v0.1.7
   Compiling percent-encoding v2.3.2
   Compiling pkg-config v0.3.32
   Compiling futures-io v0.3.32
   Compiling futures-task v0.3.32
   Compiling icu_normalizer v2.1.1
   Compiling untrusted v0.9.0
   Compiling futures-sink v0.3.32
   Compiling block-buffer v0.10.4
   Compiling zmij v1.0.21
   Compiling utf8_iter v1.0.4
   Compiling digest v0.10.7
   Compiling mio v1.2.0
   Compiling socket2 v0.6.3
   Compiling tokio-macros v2.6.1
   Compiling serde_json v1.0.149
   Compiling cpufeatures v0.2.17
   Compiling icu_properties v2.1.2
   Compiling tokio v1.50.0
   Compiling hashbrown v0.16.1
   Compiling equivalent v1.0.2
   Compiling indexmap v2.13.0
   Compiling idna_adapter v1.2.1
   Compiling getrandom v0.2.17
   Compiling fnv v1.0.7
   Compiling tracing v0.1.44
   Compiling num-traits v0.2.19
   Compiling ring v0.17.14
   Compiling ahash v0.8.12
   Compiling slab v0.4.12
   Compiling unicode-segmentation v1.13.2
   Compiling rustls v0.21.12
   Compiling futures-util v0.3.32
   Compiling crossbeam-utils v0.8.21
error: could not parse/generate dep info at: E:\Carbon Credit Project\backend\target\debug\deps\futures_util-9ddcc20f91255bdd.d

Caused by:
  failed to write `E:\Carbon Credit Project\backend\target\debug\.fingerprint\futures-util-9ddcc20f91255bdd\dep-lib-futures_util`

Caused by:
  The system cannot find the path specified. (os error 3)
warning: build failed, waiting for other jobs to finish...
error: could not parse/generate dep info at: E:\Carbon Credit Project\backend\target\debug\deps\num_traits-f9105cc9449411f4.d

Caused by:
  failed to write `E:\Carbon Credit Project\backend\target\debug\.fingerprint\num-traits-f9105cc9449411f4\dep-lib-num_traits`

Caused by:
  The system cannot find the path specified. (os error 3)
error: failed to write `E:\Carbon Credit Project\backend\target\debug\.fingerprint\ring-73533c4668f87f6c\run-build-script-build-script-build`

Caused by:
  The system cannot find the path specified. (os error 3)
error: failed to build archive at `E:\Carbon Credit Project\backend\target\debug\deps\libtokio-98790fb7d0b30a1a.rlib`: failed to open object file: The system cannot find the file specified. (os error 2)

error: could not compile `tokio` (lib) due to 1 previous error
